Server is running on port 4000
CastError: Cast to Number failed for value "6a3f4c69b22f0f0c68dd3dba" (type string) at path "id" for model "Product"
    at SchemaNumber.cast (F:\MERN project\bangla commerce\backend\node_modules\mongoose\lib\schema\number.js:412:11)
    at SchemaType.applySetters (F:\MERN project\bangla commerce\backend\node_modules\mongoose\lib\schemaType.js:1373:12)
    at SchemaNumber.castForQuery (F:\MERN project\bangla commerce\backend\node_modules\mongoose\lib\schema\number.js:481:16)
    at cast (F:\MERN project\bangla commerce\backend\node_modules\mongoose\lib\cast.js:386:32)
    at Query.cast (F:\MERN project\bangla commerce\backend\node_modules\mongoose\lib\query.js:5228:12)
    at Query._castConditions (F:\MERN project\bangla commerce\backend\node_modules\mongoose\lib\query.js:2411:10)
    at model.Query._deleteOne (F:\MERN project\bangla commerce\backend\node_modules\mongoose\lib\query.js:3263:8)
    at maybeTracedQueryExec (F:\MERN project\bangla commerce\backend\node_modules\mongoose\lib\query.js:4801:83)
    at process.processTicksAndRejections (node:internal/process/task_queues:104:5)
    at async F:\MERN project\bangla commerce\backend\index.js:119:9 {
  stringValue: '"6a3f4c69b22f0f0c68dd3dba"',
  messageFormat: undefined,
  kind: 'Number',
  value: '6a3f4c69b22f0f0c68dd3dba',
  path: 'id',
  reason: Error: Cast to Number failed: value is not a valid number
      at castNumber (F:\MERN project\bangla commerce\backend\node_modules\mongoose\lib\cast\number.js:26:11)
      at SchemaNumber.cast (F:\MERN project\bangla commerce\backend\node_modules\mongoose\lib\schema\number.js:410:12)
      at SchemaType.applySetters (F:\MERN project\bangla commerce\backend\node_modules\mongoose\lib\schemaType.js:1373:12)
      at SchemaNumber.castForQuery (F:\MERN project\bangla commerce\backend\node_modules\mongoose\lib\schema\number.js:481:16)
      at cast (F:\MERN project\bangla commerce\backend\node_modules\mongoose\lib\cast.js:386:32)
      at Query.cast (F:\MERN project\bangla commerce\backend\node_modules\mongoose\lib\query.js:5228:12)
      at Query._castConditions (F:\MERN project\bangla commerce\backend\node_modules\mongoose\lib\query.js:2411:10)
      at model.Query._deleteOne (F:\MERN project\bangla commerce\backend\node_modules\mongoose\lib\query.js:3263:8)
      at maybeTracedQueryExec (F:\MERN project\bangla commerce\backend\node_modules\mongoose\lib\query.js:4801:83)
      at process.processTicksAndRejections (node:internal/process/task_queues:104:5),
  valueType: 'string'
}
CastError: Cast to Number failed for value "6a3ecce776bac8956add5221" (type string) at path "id" for model "Product"
    at SchemaNumber.cast (F:\MERN project\bangla commerce\backend\node_modules\mongoose\lib\schema\number.js:412:11)
    at SchemaType.applySetters (F:\MERN project\bangla commerce\backend\node_modules\mongoose\lib\schemaType.js:1373:12)
    at SchemaNumber.castForQuery (F:\MERN project\bangla commerce\backend\node_modules\mongoose\lib\schema\number.js:481:16)
    at cast (F:\MERN project\bangla commerce\backend\node_modules\mongoose\lib\cast.js:386:32)
    at Query.cast (F:\MERN project\bangla commerce\backend\node_modules\mongoose\lib\query.js:5228:12)
    at Query._castConditions (F:\MERN project\bangla commerce\backend\node_modules\mongoose\lib\query.js:2411:10)
    at model.Query._deleteOne (F:\MERN project\bangla commerce\backend\node_modules\mongoose\lib\query.js:3263:8)
    at maybeTracedQueryExec (F:\MERN project\bangla commerce\backend\node_modules\mongoose\lib\query.js:4801:83)
    at process.processTicksAndRejections (node:internal/process/task_queues:104:5)
    at async F:\MERN project\bangla commerce\backend\index.js:119:9 {
  stringValue: '"6a3ecce776bac8956add5221"',
  messageFormat: undefined,
  kind: 'Number',
  value: '6a3ecce776bac8956add5221',
  path: 'id',
  reason: Error: Cast to Number failed: value is not a valid number
      at castNumber (F:\MERN project\bangla commerce\backend\node_modules\mongoose\lib\cast\number.js:26:11)
      at SchemaNumber.cast (F:\MERN project\bangla commerce\backend\node_modules\mongoose\lib\schema\number.js:410:12)
      at SchemaType.applySetters (F:\MERN project\bangla commerce\backend\node_modules\mongoose\lib\schemaType.js:1373:12)
      at SchemaNumber.castForQuery (F:\MERN project\bangla commerce\backend\node_modules\mongoose\lib\schema\number.js:481:16)
      at cast (F:\MERN project\bangla commerce\backend\node_modules\mongoose\lib\cast.js:386:32)
      at Query.cast (F:\MERN project\bangla commerce\backend\node_modules\mongoose\lib\query.js:5228:12)
      at Query._castConditions (F:\MERN project\bangla commerce\backend\node_modules\mongoose\lib\query.js:2411:10)
      at model.Query._deleteOne (F:\MERN project\bangla commerce\backend\node_modules\mongoose\lib\query.js:3263:8)
      at maybeTracedQueryExec (F:\MERN project\bangla commerce\backend\node_modules\mongoose\lib\query.js:4801:83)
      at process.processTicksAndRejections (node:internal/process/task_queues:104:5),
  valueType: 'string'
}
CastError: Cast to Number failed for value "6a3f4c69b22f0f0c68dd3dba" (type string) at path "id" for model "Product"
    at SchemaNumber.cast (F:\MERN project\bangla commerce\backend\node_modules\mongoose\lib\schema\number.js:412:11)
    at SchemaType.applySetters (F:\MERN project\bangla commerce\backend\node_modules\mongoose\lib\schemaType.js:1373:12)
    at SchemaNumber.castForQuery (F:\MERN project\bangla commerce\backend\node_modules\mongoose\lib\schema\number.js:481:16)
    at cast (F:\MERN project\bangla commerce\backend\node_modules\mongoose\lib\cast.js:386:32)
    at Query.cast (F:\MERN project\bangla commerce\backend\node_modules\mongoose\lib\query.js:5228:12)
    at Query._castConditions (F:\MERN project\bangla commerce\backend\node_modules\mongoose\lib\query.js:2411:10)
    at model.Query._deleteOne (F:\MERN project\bangla commerce\backend\node_modules\mongoose\lib\query.js:3263:8)
    at maybeTracedQueryExec (F:\MERN project\bangla commerce\backend\node_modules\mongoose\lib\query.js:4801:83)
    at process.processTicksAndRejections (node:internal/process/task_queues:104:5)
    at async F:\MERN project\bangla commerce\backend\index.js:119:9 {
  stringValue: '"6a3f4c69b22f0f0c68dd3dba"',
  messageFormat: undefined,
  kind: 'Number',
  value: '6a3f4c69b22f0f0c68dd3dba',
  path: 'id',
  reason: Error: Cast to Number failed: value is not a valid number
      at castNumber (F:\MERN project\bangla commerce\backend\node_modules\mongoose\lib\cast\number.js:26:11)
      at SchemaNumber.cast (F:\MERN project\bangla commerce\backend\node_modules\mongoose\lib\schema\number.js:410:12)
      at SchemaType.applySetters (F:\MERN project\bangla commerce\backend\node_modules\mongoose\lib\schemaType.js:1373:12)
      at SchemaNumber.castForQuery (F:\MERN project\bangla commerce\backend\node_modules\mongoose\lib\schema\number.js:481:16)
      at cast (F:\MERN project\bangla commerce\backend\node_modules\mongoose\lib\cast.js:386:32)
      at Query.cast (F:\MERN project\bangla commerce\backend\node_modules\mongoose\lib\query.js:5228:12)
      at Query._castConditions (F:\MERN project\bangla commerce\backend\node_modules\mongoose\lib\query.js:2411:10)
      at model.Query._deleteOne (F:\MERN project\bangla commerce\backend\node_modules\mongoose\lib\query.js:3263:8)
      at maybeTracedQueryExec (F:\MERN project\bangla commerce\backend\node_modules\mongoose\lib\query.js:4801:83)
      at process.processTicksAndRejections (node:internal/process/task_queues:104:5),
  valueType: 'string'
}
CastError: Cast to Number failed for value "6a412e27b9e25121b0a1f8c9" (type string) at path "id" for model "Product"
    at SchemaNumber.cast (F:\MERN project\bangla commerce\backend\node_modules\mongoose\lib\schema\number.js:412:11)
    at SchemaType.applySetters (F:\MERN project\bangla commerce\backend\node_modules\mongoose\lib\schemaType.js:1373:12)
    at SchemaNumber.castForQuery (F:\MERN project\bangla commerce\backend\node_modules\mongoose\lib\schema\number.js:481:16)
    at cast (F:\MERN project\bangla commerce\backend\node_modules\mongoose\lib\cast.js:386:32)
    at Query.cast (F:\MERN project\bangla commerce\backend\node_modules\mongoose\lib\query.js:5228:12)
    at Query._castConditions (F:\MERN project\bangla commerce\backend\node_modules\mongoose\lib\query.js:2411:10)
    at model.Query._deleteOne (F:\MERN project\bangla commerce\backend\node_modules\mongoose\lib\query.js:3263:8)
    at maybeTracedQueryExec (F:\MERN project\bangla commerce\backend\node_modules\mongoose\lib\query.js:4801:83)
    at process.processTicksAndRejections (node:internal/process/task_queues:104:5)
    at async F:\MERN project\bangla commerce\backend\index.js:119:9 {
  stringValue: '"6a412e27b9e25121b0a1f8c9"',
  messageFormat: undefined,
  kind: 'Number',
  value: '6a412e27b9e25121b0a1f8c9',
  path: 'id',
  reason: Error: Cast to Number failed: value is not a valid number
      at castNumber (F:\MERN project\bangla commerce\backend\node_modules\mongoose\lib\cast\number.js:26:11)
      at SchemaNumber.cast (F:\MERN project\bangla commerce\backend\node_modules\mongoose\lib\schema\number.js:410:12)
      at SchemaType.applySetters (F:\MERN project\bangla commerce\backend\node_modules\mongoose\lib\schemaType.js:1373:12)
      at SchemaNumber.castForQuery (F:\MERN project\bangla commerce\backend\node_modules\mongoose\lib\schema\number.js:481:16)
      at cast (F:\MERN project\bangla commerce\backend\node_modules\mongoose\lib\cast.js:386:32)
      at Query.cast (F:\MERN project\bangla commerce\backend\node_modules\mongoose\lib\query.js:5228:12)
      at Query._castConditions (F:\MERN project\bangla commerce\backend\node_modules\mongoose\lib\query.js:2411:10)
      at model.Query._deleteOne (F:\MERN project\bangla commerce\backend\node_modules\mongoose\lib\query.js:3263:8)
      at maybeTracedQueryExec (F:\MERN project\bangla commerce\backend\node_modules\mongoose\lib\query.js:4801:83)
      at process.processTicksAndRejections (node:internal/process/task_queues:104:5),
  valueType: 'string'
}
CastError: Cast to Number failed for value "6a412e5fb9e25121b0a1f8ca" (type string) at path "id" for model "Product"
    at SchemaNumber.cast (F:\MERN project\bangla commerce\backend\node_modules\mongoose\lib\schema\number.js:412:11)
    at SchemaType.applySetters (F:\MERN project\bangla commerce\backend\node_modules\mongoose\lib\schemaType.js:1373:12)
    at SchemaNumber.castForQuery (F:\MERN project\bangla commerce\backend\node_modules\mongoose\lib\schema\number.js:481:16)
    at cast (F:\MERN project\bangla commerce\backend\node_modules\mongoose\lib\cast.js:386:32)
    at Query.cast (F:\MERN project\bangla commerce\backend\node_modules\mongoose\lib\query.js:5228:12)
    at Query._castConditions (F:\MERN project\bangla commerce\backend\node_modules\mongoose\lib\query.js:2411:10)
    at model.Query._deleteOne (F:\MERN project\bangla commerce\backend\node_modules\mongoose\lib\query.js:3263:8)
    at maybeTracedQueryExec (F:\MERN project\bangla commerce\backend\node_modules\mongoose\lib\query.js:4801:83)
    at process.processTicksAndRejections (node:internal/process/task_queues:104:5)
    at async F:\MERN project\bangla commerce\backend\index.js:119:9 {
  stringValue: '"6a412e5fb9e25121b0a1f8ca"',
  messageFormat: undefined,
  kind: 'Number',
  value: '6a412e5fb9e25121b0a1f8ca',
  path: 'id',
  reason: Error: Cast to Number failed: value is not a valid number
      at castNumber (F:\MERN project\bangla commerce\backend\node_modules\mongoose\lib\cast\number.js:26:11)
      at SchemaNumber.cast (F:\MERN project\bangla commerce\backend\node_modules\mongoose\lib\schema\number.js:410:12)
      at SchemaType.applySetters (F:\MERN project\bangla commerce\backend\node_modules\mongoose\lib\schemaType.js:1373:12)
      at SchemaNumber.castForQuery (F:\MERN project\bangla commerce\backend\node_modules\mongoose\lib\schema\number.js:481:16)
      at cast (F:\MERN project\bangla commerce\backend\node_modules\mongoose\lib\cast.js:386:32)
      at Query.cast (F:\MERN project\bangla commerce\backend\node_modules\mongoose\lib\query.js:5228:12)
      at Query._castConditions (F:\MERN project\bangla commerce\backend\node_modules\mongoose\lib\query.js:2411:10)
      at model.Query._deleteOne (F:\MERN project\bangla commerce\backend\node_modules\mongoose\lib\query.js:3263:8)
      at maybeTracedQueryExec (F:\MERN project\bangla commerce\backend\node_modules\mongoose\lib\query.js:4801:83)
      at process.processTicksAndRejections (node:internal/process/task_queues:104:5),
  valueType: 'string'
}
CastError: Cast to Number failed for value "6a412e27b9e25121b0a1f8c9" (type string) at path "id" for model "Product"
    at SchemaNumber.cast (F:\MERN project\bangla commerce\backend\node_modules\mongoose\lib\schema\number.js:412:11)
    at SchemaType.applySetters (F:\MERN project\bangla commerce\backend\node_modules\mongoose\lib\schemaType.js:1373:12)
    at SchemaNumber.castForQuery (F:\MERN project\bangla commerce\backend\node_modules\mongoose\lib\schema\number.js:481:16)
    at cast (F:\MERN project\bangla commerce\backend\node_modules\mongoose\lib\cast.js:386:32)
    at Query.cast (F:\MERN project\bangla commerce\backend\node_modules\mongoose\lib\query.js:5228:12)
    at Query._castConditions (F:\MERN project\bangla commerce\backend\node_modules\mongoose\lib\query.js:2411:10)
    at model.Query._deleteOne (F:\MERN project\bangla commerce\backend\node_modules\mongoose\lib\query.js:3263:8)
    at maybeTracedQueryExec (F:\MERN project\bangla commerce\backend\node_modules\mongoose\lib\query.js:4801:83)
    at process.processTicksAndRejections (node:internal/process/task_queues:104:5)
    at async F:\MERN project\bangla commerce\backend\index.js:119:9 {
  stringValue: '"6a412e27b9e25121b0a1f8c9"',
  messageFormat: undefined,
  kind: 'Number',
  value: '6a412e27b9e25121b0a1f8c9',
  path: 'id',
  reason: Error: Cast to Number failed: value is not a valid number
      at castNumber (F:\MERN project\bangla commerce\backend\node_modules\mongoose\lib\cast\number.js:26:11)
      at SchemaNumber.cast (F:\MERN project\bangla commerce\backend\node_modules\mongoose\lib\schema\number.js:410:12)
      at SchemaType.applySetters (F:\MERN project\bangla commerce\backend\node_modules\mongoose\lib\schemaType.js:1373:12)
      at SchemaNumber.castForQuery (F:\MERN project\bangla commerce\backend\node_modules\mongoose\lib\schema\number.js:481:16)
      at cast (F:\MERN project\bangla commerce\backend\node_modules\mongoose\lib\cast.js:386:32)
      at Query.cast (F:\MERN project\bangla commerce\backend\node_modules\mongoose\lib\query.js:5228:12)
      at Query._castConditions (F:\MERN project\bangla commerce\backend\node_modules\mongoose\lib\query.js:2411:10)
      at model.Query._deleteOne (F:\MERN project\bangla commerce\backend\node_modules\mongoose\lib\query.js:3263:8)
      at maybeTracedQueryExec (F:\MERN project\bangla commerce\backend\node_modules\mongoose\lib\query.js:4801:83)
      at process.processTicksAndRejections (node:internal/process/task_queues:104:5),
  valueType: 'string'
}
CastError: Cast to Number failed for value "6a3f4c69b22f0f0c68dd3dba" (type string) at path "id" for model "Product"
    at SchemaNumber.cast (F:\MERN project\bangla commerce\backend\node_modules\mongoose\lib\schema\number.js:412:11)
    at SchemaType.applySetters (F:\MERN project\bangla commerce\backend\node_modules\mongoose\lib\schemaType.js:1373:12)
    at SchemaNumber.castForQuery (F:\MERN project\bangla commerce\backend\node_modules\mongoose\lib\schema\number.js:481:16)
    at cast (F:\MERN project\bangla commerce\backend\node_modules\mongoose\lib\cast.js:386:32)
    at Query.cast (F:\MERN project\bangla commerce\backend\node_modules\mongoose\lib\query.js:5228:12)
    at Query._castConditions (F:\MERN project\bangla commerce\backend\node_modules\mongoose\lib\query.js:2411:10)
    at model.Query._deleteOne (F:\MERN project\bangla commerce\backend\node_modules\mongoose\lib\query.js:3263:8)
    at maybeTracedQueryExec (F:\MERN project\bangla commerce\backend\node_modules\mongoose\lib\query.js:4801:83)
    at process.processTicksAndRejections (node:internal/process/task_queues:104:5)
    at async F:\MERN project\bangla commerce\backend\index.js:119:9 {
  stringValue: '"6a3f4c69b22f0f0c68dd3dba"',
  messageFormat: undefined,
  kind: 'Number',
  value: '6a3f4c69b22f0f0c68dd3dba',
  path: 'id',
  reason: Error: Cast to Number failed: value is not a valid number
      at castNumber (F:\MERN project\bangla commerce\backend\node_modules\mongoose\lib\cast\number.js:26:11)
      at SchemaNumber.cast (F:\MERN project\bangla commerce\backend\node_modules\mongoose\lib\schema\number.js:410:12)
      at SchemaType.applySetters (F:\MERN project\bangla commerce\backend\node_modules\mongoose\lib\schemaType.js:1373:12)
      at SchemaNumber.castForQuery (F:\MERN project\bangla commerce\backend\node_modules\mongoose\lib\schema\number.js:481:16)
      at cast (F:\MERN project\bangla commerce\backend\node_modules\mongoose\lib\cast.js:386:32)
      at Query.cast (F:\MERN project\bangla commerce\backend\node_modules\mongoose\lib\query.js:5228:12)
      at Query._castConditions (F:\MERN project\bangla commerce\backend\node_modules\mongoose\lib\query.js:2411:10)
      at model.Query._deleteOne (F:\MERN project\bangla commerce\backend\node_modules\mongoose\lib\query.js:3263:8)
      at maybeTracedQueryExec (F:\MERN project\bangla commerce\backend\node_modules\mongoose\lib\query.js:4801:83)
      at process.processTicksAndRejections (node:internal/process/task_queues:104:5),
  valueType: 'string'
}
CastError: Cast to Number failed for value "6a3f4b6376bac8956add5222" (type string) at path "id" for model "Product"
    at SchemaNumber.cast (F:\MERN project\bangla commerce\backend\node_modules\mongoose\lib\schema\number.js:412:11)
    at SchemaType.applySetters (F:\MERN project\bangla commerce\backend\node_modules\mongoose\lib\schemaType.js:1373:12)
    at SchemaNumber.castForQuery (F:\MERN project\bangla commerce\backend\node_modules\mongoose\lib\schema\number.js:481:16)
    at cast (F:\MERN project\bangla commerce\backend\node_modules\mongoose\lib\cast.js:386:32)
    at Query.cast (F:\MERN project\bangla commerce\backend\node_modules\mongoose\lib\query.js:5228:12)
    at Query._castConditions (F:\MERN project\bangla commerce\backend\node_modules\mongoose\lib\query.js:2411:10)
    at model.Query._deleteOne (F:\MERN project\bangla commerce\backend\node_modules\mongoose\lib\query.js:3263:8)
    at maybeTracedQueryExec (F:\MERN project\bangla commerce\backend\node_modules\mongoose\lib\query.js:4801:83)
    at process.processTicksAndRejections (node:internal/process/task_queues:104:5)
    at async F:\MERN project\bangla commerce\backend\index.js:119:9 {
  stringValue: '"6a3f4b6376bac8956add5222"',
  messageFormat: undefined,
  kind: 'Number',
  value: '6a3f4b6376bac8956add5222',
  path: 'id',
  reason: Error: Cast to Number failed: value is not a valid number
      at castNumber (F:\MERN project\bangla commerce\backend\node_modules\mongoose\lib\cast\number.js:26:11)
      at SchemaNumber.cast (F:\MERN project\bangla commerce\backend\node_modules\mongoose\lib\schema\number.js:410:12)
      at SchemaType.applySetters (F:\MERN project\bangla commerce\backend\node_modules\mongoose\lib\schemaType.js:1373:12)
      at SchemaNumber.castForQuery (F:\MERN project\bangla commerce\backend\node_modules\mongoose\lib\schema\number.js:481:16)
      at cast (F:\MERN project\bangla commerce\backend\node_modules\mongoose\lib\cast.js:386:32)
      at Query.cast (F:\MERN project\bangla commerce\backend\node_modules\mongoose\lib\query.js:5228:12)
      at Query._castConditions (F:\MERN project\bangla commerce\backend\node_modules\mongoose\lib\query.js:2411:10)
      at model.Query._deleteOne (F:\MERN project\bangla commerce\backend\node_modules\mongoose\lib\query.js:3263:8)
      at maybeTracedQueryExec (F:\MERN project\bangla commerce\backend\node_modules\mongoose\lib\query.js:4801:83)
      at process.processTicksAndRejections (node:internal/process/task_queues:104:5),
  valueType: 'string'
}
SyntaxError: Expected ',' or '}' after property value in JSON at position 49 (line 3 column 24)
    at JSON.parse (<anonymous>)
    at parse (F:\MERN project\bangla commerce\backend\node_modules\body-parser\lib\types\json.js:91:21)
    at F:\MERN project\bangla commerce\backend\node_modules\body-parser\lib\read.js:162:18
    at AsyncResource.runInAsyncScope (node:async_hooks:228:14)
    at invokeCallback (F:\MERN project\bangla commerce\backend\node_modules\raw-body\index.js:238:16)
    at done (F:\MERN project\bangla commerce\backend\node_modules\raw-body\index.js:227:7)
    at IncomingMessage.onEnd (F:\MERN project\bangla commerce\backend\node_modules\raw-body\index.js:287:7)
    at IncomingMessage.emit (node:events:508:28)
    at endReadableNT (node:internal/streams/readable:1729:12)
    at process.processTicksAndRejections (node:internal/process/task_queues:90:21)
SyntaxError: Expected ',' or '}' after property value in JSON at position 45 (line 3 column 24)
    at JSON.parse (<anonymous>)
    at parse (F:\MERN project\bangla commerce\backend\node_modules\body-parser\lib\types\json.js:91:21)
    at F:\MERN project\bangla commerce\backend\node_modules\body-parser\lib\read.js:162:18
    at AsyncResource.runInAsyncScope (node:async_hooks:228:14)
    at invokeCallback (F:\MERN project\bangla commerce\backend\node_modules\raw-body\index.js:238:16)
    at done (F:\MERN project\bangla commerce\backend\node_modules\raw-body\index.js:227:7)
    at IncomingMessage.onEnd (F:\MERN project\bangla commerce\backend\node_modules\raw-body\index.js:287:7)
    at IncomingMessage.emit (node:events:508:28)
    at endReadableNT (node:internal/streams/readable:1729:12)
    at process.processTicksAndRejections (node:internal/process/task_queues:90:21)
